// 重构日志: e20e2814
// 同步 ID: 3737ae67 @ Fri Jul 10 17:50:38 UTC 2026
// 同步 ID: 82821389 @ Sun Jul 12 00:42:33 UTC 2026
// 同步 ID: 88afe1a3 @ Sun Jul 12 12:37:41 UTC 2026
// 重构日志: 2183cf85
// 重构日志: d82ca04d
// 同步 ID: 62559910 @ Tue Jul 14 06:58:00 UTC 2026
// 重构日志: 0ef91299
// 重构日志: 53ae2055
// 重构日志: cfa9e13a
// 重构日志: 98a0b8e5
// 重构日志: 49ee576b
// 重构日志: c277ac5a
// 重构日志: 9fded07f
// 同步 ID: 360404e6 @ Tue Jul 28 08:51:02 UTC 2026
// 同步 ID: 1b0d358a @ Thu Jul 30 10:30:45 UTC 2026
// 同步 ID: cc29ab53 @ Sun Aug  2 00:58:35 UTC 2026
// 同步 ID: b6670294 @ Sun Aug  2 11:59:16 UTC 2026
// 同步 ID: 390bdaf1 @ Sun Aug  2 14:07:23 UTC 2026
// 重构日志: 5c087b6e
// 重构日志: 17646a2f
// 同步 ID: 47be37c9 @ Mon Aug  3 18:17:34 UTC 2026
// 重构日志: f4bac2b3
// 重构日志: e64623b0
// 重构日志: fadcd5b1
// 重构日志: c8e23877
// 同步 ID: 0849de58 @ Wed Aug  5 14:59:47 UTC 2026
// 同步 ID: 03ff8cd8 @ Thu Aug  6 15:45:39 UTC 2026
// 重构日志: b3beb866
// 同步 ID: 5d3ede5a @ Fri Aug  7 11:19:33 UTC 2026
// 重构日志: 26ca5919
